
> @alpha/web@1.0.0 build C:\Users\Bruno\Downloads\Alpha com Cursor\alpha-network\apps\web
> next build

  Γû▓ Next.js 14.2.35

   Creating an optimized production build ...
 Γ£ô Compiled successfully
   Linting and checking validity of types ...

./src/app/main/bots/[botId]/analytics/page.tsx
66:6  Warning: React Hook useEffect has a missing dependency: 'fetchData'. Either include it or remove the dependency array.  react-hooks/exhaustive-deps

./src/app/main/bots/[botId]/page.tsx
55:6  Warning: React Hook useEffect has a missing dependency: 'router'. Either include it or remove the dependency array.  react-hooks/exhaustive-deps
314:37  Warning: Using `<img>` could result in slower LCP and higher bandwidth. Consider using `<Image />` from `next/image` to automatically optimize images. This may incur additional usage or cost from your provider. See: https://nextjs.org/docs/messages/no-img-element  @next/next/no-img-element
364:32  Warning: Using `<img>` could result in slower LCP and higher bandwidth. Consider using `<Image />` from `next/image` to automatically optimize images. This may incur additional usage or cost from your provider. See: https://nextjs.org/docs/messages/no-img-element  @next/next/no-img-element

./src/app/main/layout.tsx
28:6  Warning: React Hook useEffect has missing dependencies: 'refresh' and 'router'. Either include them or remove the dependency array.  react-hooks/exhaustive-deps

./src/app/main/lazer/page.tsx
65:9  Warning: Using `<img>` could result in slower LCP and higher bandwidth. Consider using `<Image />` from `next/image` to automatically optimize images. This may incur additional usage or cost from your provider. See: https://nextjs.org/docs/messages/no-img-element  @next/next/no-img-element

./src/components/ui/Avatar.tsx
25:7  Warning: Using `<img>` could result in slower LCP and higher bandwidth. Consider using `<Image />` from `next/image` to automatically optimize images. This may incur additional usage or cost from your provider. See: https://nextjs.org/docs/messages/no-img-element  @next/next/no-img-element

info  - Need to disable some ESLint rules? Learn more here: https://nextjs.org/docs/basic-features/eslint#disabling-rules
   Collecting page data ...
   Generating static pages (0/16) ...
   Generating static pages (4/16) 
   Generating static pages (8/16) 
   Generating static pages (12/16) 
 Γ£ô Generating static pages (16/16)
   Finalizing page optimization ...
   Collecting build traces ...

Route (app)                              Size     First Load JS
Γöî Γùï /                                    142 B          87.5 kB
Γö£ Γùï /_not-found                          872 B          88.2 kB
Γö£ Γùï /auth/callback                       3.73 kB        91.1 kB
Γö£ Γùï /auth/login                          328 B          95.6 kB
Γö£ Γùï /auth/register                       330 B          95.6 kB
Γö£ Γùï /callback                            3.75 kB        91.1 kB
Γö£ Γùï /login                               264 B          95.5 kB
Γö£ Γùï /main                                6.06 kB        93.4 kB
Γö£ Γùï /main/bots                           5.16 kB        92.5 kB
Γö£ ╞Æ /main/bots/[botId]                   5.48 kB         103 kB
Γö£ ╞Æ /main/bots/[botId]/analytics         3.13 kB         101 kB
Γö£ ╞Æ /main/bots/[botId]/builder           61.8 kB         149 kB
Γö£ Γùï /main/community                      5.67 kB          93 kB
Γö£ ╞Æ /main/community/[serverId]           26.4 kB         114 kB
Γö£ Γùï /main/creator                        4.25 kB        91.6 kB
Γö£ Γùï /main/developer                      4.82 kB        92.2 kB
Γö£ Γùï /main/lazer                          3.83 kB        91.2 kB
Γöö Γùï /register                            266 B          95.6 kB
+ First Load JS shared by all            87.3 kB
  Γö£ chunks/5b8f0dd8-c309ec479bcf0455.js  53.6 kB
  Γö£ chunks/749-28bfb733929f01bb.js       31.7 kB
  Γöö other shared chunks (total)          1.97 kB


Γùï  (Static)   prerendered as static content
╞Æ  (Dynamic)  server-rendered on demand

